// Jest Snapshot v1, https://goo.gl/fbAQLP

exports[`Button component should match snapshot 1`] = `"button"`;

exports[`Button component should match snapshot add contact 1`] = `"button"`;
